https://pbs.twimg.com/media/E5totsvVUAYexVX.png:orig
https://video.twimg.com/ext_tw_video/1372009605736194048/pu/vid/1280x720/l3Ujw1tsP7jWvOSg.mp4?tag=12
https://video.twimg.com/tweet_video/EwoThfmWgAs-FAz.mp4
https://pbs.twimg.com/media/Ew-a7MFU8AANIL9.jpg:orig
https://pbs.twimg.com/media/E5toyv_VgAMmKwD.png:orig
https://pbs.twimg.com/media/E5towDIVUAM0xv9.png:orig
https://pbs.twimg.com/media/E5to1YdUYAI9eek.png:orig
